// Jest Snapshot v1, https://goo.gl/fbAQLP

exports[`renders correctly when store is provided 1`] = `
<div>
  Loading....
</div>
`;
